[scipilot-figure-skill] wrote /Users/a1/Desktop/何林军 数学建模/figures/raw_q1_observations.png
[scipilot-figure-skill] wrote /Users/a1/Desktop/何林军 数学建模/figures/raw_q1_observations.svg
[scipilot-figure-skill] wrote /Users/a1/Desktop/何林军 数学建模/figures/process_q1_constraints.png
[scipilot-figure-skill] wrote /Users/a1/Desktop/何林军 数学建模/figures/process_q1_constraints.svg
[scipilot-figure-skill] wrote /Users/a1/Desktop/何林军 数学建模/figures/result_q1_counter.png
[scipilot-figure-skill] wrote /Users/a1/Desktop/何林军 数学建模/figures/result_q1_counter.svg
[scipilot-figure-skill] wrote /Users/a1/Desktop/何林军 数学建模/figures/raw_q2_prior.png
[scipilot-figure-skill] wrote /Users/a1/Desktop/何林军 数学建模/figures/raw_q2_prior.svg
[scipilot-figure-skill] wrote /Users/a1/Desktop/何林军 数学建模/figures/process_q2_score.png
[scipilot-figure-skill] wrote /Users/a1/Desktop/何林军 数学建模/figures/process_q2_score.svg
[scipilot-figure-skill] wrote /Users/a1/Desktop/何林军 数学建模/figures/result_q2_candidates.png
[scipilot-figure-skill] wrote /Users/a1/Desktop/何林军 数学建模/figures/result_q2_candidates.svg
[scipilot-figure-skill] wrote /Users/a1/Desktop/何林军 数学建模/figures/raw_q3_sources.png
[scipilot-figure-skill] wrote /Users/a1/Desktop/何林军 数学建模/figures/raw_q3_sources.svg
[scipilot-figure-skill] wrote /Users/a1/Desktop/何林军 数学建模/figures/raw_q4_sources.png
[scipilot-figure-skill] wrote /Users/a1/Desktop/何林军 数学建模/figures/raw_q4_sources.svg
[scipilot-figure-skill] wrote /Users/a1/Desktop/何林军 数学建模/figures/process_q3_route.png
[scipilot-figure-skill] wrote /Users/a1/Desktop/何林军 数学建模/figures/process_q3_route.svg
[scipilot-figure-skill] wrote /Users/a1/Desktop/何林军 数学建模/figures/result_q3_clearing.png
[scipilot-figure-skill] wrote /Users/a1/Desktop/何林军 数学建模/figures/result_q3_clearing.svg
[scipilot-figure-skill] wrote /Users/a1/Desktop/何林军 数学建模/figures/process_q4_coverage.png
[scipilot-figure-skill] wrote /Users/a1/Desktop/何林军 数学建模/figures/process_q4_coverage.svg
[scipilot-figure-skill] wrote /Users/a1/Desktop/何林军 数学建模/figures/result_q4_times.png
[scipilot-figure-skill] wrote /Users/a1/Desktop/何林军 数学建模/figures/result_q4_times.svg
12 logical figures exported
