test_circle_triangle (__main__.CoreTests.test_circle_triangle) ... ok
test_counter (__main__.CoreTests.test_counter) ... ok
test_directional_cover (__main__.CoreTests.test_directional_cover) ... ok
test_empty_unbounded (__main__.CoreTests.test_empty_unbounded) ... ok
test_invalid_response_stops (__main__.CoreTests.test_invalid_response_stops) ... ok
test_near_at_current_point (__main__.CoreTests.test_near_at_current_point) ... ok
test_optical_cover (__main__.CoreTests.test_optical_cover) ... ok
test_random_containment (__main__.CoreTests.test_random_containment) ... ok
test_reception (__main__.CoreTests.test_reception) ... ok

----------------------------------------------------------------------
Ran 9 tests in 0.058s

OK
Q2 base {'local_x': 800, 'local_y': -600, 'x': 800.0, 'y': -600.0, 'worst_diameter_m': 112.14914074531447, 'move_m': 1000.0, 'candidate_10pct': True}
SYNTHETIC q3 20260910 9830.134133340556
SYNTHETIC q3 20260911 9742.930601133823
SYNTHETIC q3 20260912 9898.970694458483
SYNTHETIC q4 20260910 14469.153348603699
SYNTHETIC q4 20260911 15558.529027566887
SYNTHETIC q4 20260912 15735.818698700326
Saved /Users/a1/Desktop/何林军 数学建模/results
[scipilot-figure-skill] wrote /Users/a1/Desktop/何林军 数学建模/figures/raw_q1_observations.png
[scipilot-figure-skill] wrote /Users/a1/Desktop/何林军 数学建模/figures/raw_q1_observations.svg
[scipilot-figure-skill] wrote /Users/a1/Desktop/何林军 数学建模/figures/process_q1_constraints.png
[scipilot-figure-skill] wrote /Users/a1/Desktop/何林军 数学建模/figures/process_q1_constraints.svg
[scipilot-figure-skill] wrote /Users/a1/Desktop/何林军 数学建模/figures/result_q1_counter.png
[scipilot-figure-skill] wrote /Users/a1/Desktop/何林军 数学建模/figures/result_q1_counter.svg
[scipilot-figure-skill] wrote /Users/a1/Desktop/何林军 数学建模/figures/raw_q2_prior.png
[scipilot-figure-skill] wrote /Users/a1/Desktop/何林军 数学建模/figures/raw_q2_prior.svg
[scipilot-figure-skill] wrote /Users/a1/Desktop/何林军 数学建模/figures/process_q2_score.png
[scipilot-figure-skill] wrote /Users/a1/Desktop/何林军 数学建模/figures/process_q2_score.svg
[scipilot-figure-skill] wrote /Users/a1/Desktop/何林军 数学建模/figures/result_q2_candidates.png
[scipilot-figure-skill] wrote /Users/a1/Desktop/何林军 数学建模/figures/result_q2_candidates.svg
[scipilot-figure-skill] wrote /Users/a1/Desktop/何林军 数学建模/figures/raw_q3_sources.png
[scipilot-figure-skill] wrote /Users/a1/Desktop/何林军 数学建模/figures/raw_q3_sources.svg
[scipilot-figure-skill] wrote /Users/a1/Desktop/何林军 数学建模/figures/raw_q4_sources.png
[scipilot-figure-skill] wrote /Users/a1/Desktop/何林军 数学建模/figures/raw_q4_sources.svg
[scipilot-figure-skill] wrote /Users/a1/Desktop/何林军 数学建模/figures/process_q3_route.png
[scipilot-figure-skill] wrote /Users/a1/Desktop/何林军 数学建模/figures/process_q3_route.svg
[scipilot-figure-skill] wrote /Users/a1/Desktop/何林军 数学建模/figures/result_q3_clearing.png
[scipilot-figure-skill] wrote /Users/a1/Desktop/何林军 数学建模/figures/result_q3_clearing.svg
[scipilot-figure-skill] wrote /Users/a1/Desktop/何林军 数学建模/figures/process_q4_coverage.png
[scipilot-figure-skill] wrote /Users/a1/Desktop/何林军 数学建模/figures/process_q4_coverage.svg
[scipilot-figure-skill] wrote /Users/a1/Desktop/何林军 数学建模/figures/result_q4_times.png
[scipilot-figure-skill] wrote /Users/a1/Desktop/何林军 数学建模/figures/result_q4_times.svg
12 logical figures exported
