
--- q3_breakthrough/figures\process_q3_certification.png ---
  category: raster  ext: png  size: 51902 B
  pixels: 1860x1260  dpi: (299.9994, 299.9994)
  [PASS] 无问题。

--- q3_breakthrough/figures\process_q3_progress.png ---
  category: raster  ext: png  size: 54814 B
  pixels: 1860x1260  dpi: (299.9994, 299.9994)
  [PASS] 无问题。

--- q3_breakthrough/figures\process_q3_routes.png ---
  category: raster  ext: png  size: 194335 B
  pixels: 2400x1320  dpi: (299.9994, 299.9994)
  [PASS] 无问题。

--- q3_breakthrough/figures\raw_q3_positions.png ---
  category: raster  ext: png  size: 70940 B
  pixels: 1860x1260  dpi: (299.9994, 299.9994)
  [PASS] 无问题。

--- q3_breakthrough/figures\raw_q3_ranges.png ---
  category: raster  ext: png  size: 49785 B
  pixels: 1860x1260  dpi: (299.9994, 299.9994)
  [PASS] 无问题。

--- q3_breakthrough/figures\raw_q3_spacing.png ---
  category: raster  ext: png  size: 68907 B
  pixels: 1860x1260  dpi: (299.9994, 299.9994)
  [PASS] 无问题。

--- q3_breakthrough/figures\result_q3_cost.png ---
  category: raster  ext: png  size: 43392 B
  pixels: 1860x1260  dpi: (299.9994, 299.9994)
  [PASS] 无问题。

--- q3_breakthrough/figures\result_q3_paired.png ---
  category: raster  ext: png  size: 144096 B
  pixels: 1860x1260  dpi: (299.9994, 299.9994)
  [PASS] 无问题。

--- q3_breakthrough/figures\result_q3_stress.png ---
  category: raster  ext: png  size: 107602 B
  pixels: 1860x1260  dpi: (299.9994, 299.9994)
  [PASS] 无问题。

--- q3_breakthrough/figures\process_q3_certification.svg ---
  category: vector  ext: svg  size: 9595 B
  [PASS] 无问题。

--- q3_breakthrough/figures\process_q3_progress.svg ---
  category: vector  ext: svg  size: 11857 B
  [PASS] 无问题。

--- q3_breakthrough/figures\process_q3_routes.svg ---
  category: vector  ext: svg  size: 18480 B
  [PASS] 无问题。

--- q3_breakthrough/figures\raw_q3_positions.svg ---
  category: vector  ext: svg  size: 9124 B
  [PASS] 无问题。

--- q3_breakthrough/figures\raw_q3_ranges.svg ---
  category: vector  ext: svg  size: 10795 B
  [PASS] 无问题。

--- q3_breakthrough/figures\raw_q3_spacing.svg ---
  category: vector  ext: svg  size: 15316 B
  [PASS] 无问题。

--- q3_breakthrough/figures\result_q3_cost.svg ---
  category: vector  ext: svg  size: 9114 B
  [PASS] 无问题。

--- q3_breakthrough/figures\result_q3_paired.svg ---
  category: vector  ext: svg  size: 42701 B
  [PASS] 无问题。

--- q3_breakthrough/figures\result_q3_stress.svg ---
  category: vector  ext: svg  size: 41236 B
  [PASS] 无问题。

