{
  "ok": true,
  "directory": "C:\\Users\\张靖浩\\Desktop\\2026数学建模\\2026-math-model-B\\q3_breakthrough\\figures",
  "questions": [
    "q3"
  ],
  "files": {
    "process_q3_certification.png": {
      "width_px": 1860,
      "height_px": 1260,
      "dpi_x": 299.9994,
      "dpi_y": 299.9994,
      "width_in": 6.2000124000248,
      "height_in": 4.2000084000168005
    },
    "process_q3_certification.svg": {
      "text_count": 13,
      "embedded_raster": false
    },
    "process_q3_progress.png": {
      "width_px": 1860,
      "height_px": 1260,
      "dpi_x": 299.9994,
      "dpi_y": 299.9994,
      "width_in": 6.2000124000248,
      "height_in": 4.2000084000168005
    },
    "process_q3_progress.svg": {
      "text_count": 17,
      "embedded_raster": false
    },
    "process_q3_routes.png": {
      "width_px": 2400,
      "height_px": 1320,
      "dpi_x": 299.9994,
      "dpi_y": 299.9994,
      "width_in": 8.000016000032,
      "height_in": 4.4000088000176
    },
    "process_q3_routes.svg": {
      "text_count": 18,
      "embedded_raster": false
    },
    "raw_q3_positions.png": {
      "width_px": 1860,
      "height_px": 1260,
      "dpi_x": 299.9994,
      "dpi_y": 299.9994,
      "width_in": 6.2000124000248,
      "height_in": 4.2000084000168005
    },
    "raw_q3_positions.svg": {
      "text_count": 10,
      "embedded_raster": false
    },
    "raw_q3_ranges.png": {
      "width_px": 1860,
      "height_px": 1260,
      "dpi_x": 299.9994,
      "dpi_y": 299.9994,
      "width_in": 6.2000124000248,
      "height_in": 4.2000084000168005
    },
    "raw_q3_ranges.svg": {
      "text_count": 15,
      "embedded_raster": false
    },
    "raw_q3_spacing.png": {
      "width_px": 1860,
      "height_px": 1260,
      "dpi_x": 299.9994,
      "dpi_y": 299.9994,
      "width_in": 6.2000124000248,
      "height_in": 4.2000084000168005
    },
    "raw_q3_spacing.svg": {
      "text_count": 19,
      "embedded_raster": false
    },
    "result_q3_cost.png": {
      "width_px": 1860,
      "height_px": 1260,
      "dpi_x": 299.9994,
      "dpi_y": 299.9994,
      "width_in": 6.2000124000248,
      "height_in": 4.2000084000168005
    },
    "result_q3_cost.svg": {
      "text_count": 13,
      "embedded_raster": false
    },
    "result_q3_paired.png": {
      "width_px": 1860,
      "height_px": 1260,
      "dpi_x": 299.9994,
      "dpi_y": 299.9994,
      "width_in": 6.2000124000248,
      "height_in": 4.2000084000168005
    },
    "result_q3_paired.svg": {
      "text_count": 18,
      "embedded_raster": false
    },
    "result_q3_stress.png": {
      "width_px": 1860,
      "height_px": 1260,
      "dpi_x": 299.9994,
      "dpi_y": 299.9994,
      "width_in": 6.2000124000248,
      "height_in": 4.2000084000168005
    },
    "result_q3_stress.svg": {
      "text_count": 15,
      "embedded_raster": false
    }
  },
  "issues": []
}
