已评估配置数: 3
历史最佳: 247.47 s/源 {'pilot': 70, 'attempt': 100, 'passes': 1, 'elastic': False, 'visibility': True, 'radius': 1200}
NEW BEST 238.94 s/源  里程 274.3 km  {'pilot': 40, 'attempt': 70, 'passes': 2, 'elastic': True, 'visibility': True, 'radius': 1250}
NEW BEST 238.16 s/源  里程 273.9 km  {'pilot': 200, 'attempt': 100, 'passes': 4, 'elastic': True, 'visibility': True, 'radius': 1250}
  239.75 s/源  {'pilot': 40, 'attempt': 70, 'passes': 4, 'elastic': True, 'visibility': True, 'radius': 1200}
  242.21 s/源  {'pilot': 250, 'attempt': 100, 'passes': 4, 'elastic': True, 'visibility': False, 'radius': 1250}
  238.25 s/源  {'pilot': 40, 'attempt': 70, 'passes': 4, 'elastic': True, 'visibility': True, 'radius': 1150}
NEW BEST 237.94 s/源  里程 273.5 km  {'pilot': 70, 'attempt': 100, 'passes': 1, 'elastic': True, 'visibility': True, 'radius': 1200}
  239.96 s/源  {'pilot': 70, 'attempt': 50, 'passes': 2, 'elastic': True, 'visibility': True, 'radius': 1250}
  238.08 s/源  {'pilot': 70, 'attempt': 100, 'passes': 4, 'elastic': True, 'visibility': False, 'radius': 1200}
  243.08 s/源  {'pilot': 40, 'attempt': 25, 'passes': 3, 'elastic': True, 'visibility': False, 'radius': 1200}
  238.81 s/源  {'pilot': 40, 'attempt': 35, 'passes': 2, 'elastic': True, 'visibility': True, 'radius': 1150}
NEW BEST 236.15 s/源  里程 271.4 km  {'pilot': 200, 'attempt': 70, 'passes': 4, 'elastic': True, 'visibility': True, 'radius': 1150}
  238.44 s/源  {'pilot': 70, 'attempt': 50, 'passes': 2, 'elastic': True, 'visibility': True, 'radius': 1200}
  243.56 s/源  {'pilot': 160, 'attempt': 25, 'passes': 1, 'elastic': True, 'visibility': False, 'radius': 1150}
  245.47 s/源  {'pilot': 250, 'attempt': 25, 'passes': 3, 'elastic': False, 'visibility': True, 'radius': 1250}
  243.57 s/源  {'pilot': 160, 'attempt': 100, 'passes': 2, 'elastic': False, 'visibility': True, 'radius': 1250}
  243.29 s/源  {'pilot': 130, 'attempt': 25, 'passes': 3, 'elastic': False, 'visibility': False, 'radius': 1150}
  240.95 s/源  {'pilot': 100, 'attempt': 25, 'passes': 4, 'elastic': True, 'visibility': True, 'radius': 1200}
  246.08 s/源  {'pilot': 160, 'attempt': 70, 'passes': 1, 'elastic': False, 'visibility': False, 'radius': 1250}
  244.06 s/源  {'pilot': 70, 'attempt': 100, 'passes': 3, 'elastic': False, 'visibility': False, 'radius': 1200}
  238.81 s/源  {'pilot': 40, 'attempt': 35, 'passes': 2, 'elastic': True, 'visibility': True, 'radius': 1150}
  238.16 s/源  {'pilot': 200, 'attempt': 100, 'passes': 4, 'elastic': True, 'visibility': True, 'radius': 1250}
  241.71 s/源  {'pilot': 70, 'attempt': 25, 'passes': 1, 'elastic': True, 'visibility': True, 'radius': 1250}
  238.07 s/源  {'pilot': 200, 'attempt': 50, 'passes': 3, 'elastic': True, 'visibility': True, 'radius': 1250}
  247.21 s/源  {'pilot': 100, 'attempt': 25, 'passes': 4, 'elastic': False, 'visibility': False, 'radius': 1250}
  244.27 s/源  {'pilot': 250, 'attempt': 35, 'passes': 2, 'elastic': False, 'visibility': True, 'radius': 1200}
  244.71 s/源  {'pilot': 160, 'attempt': 50, 'passes': 2, 'elastic': False, 'visibility': False, 'radius': 1150}
  243.63 s/源  {'pilot': 160, 'attempt': 50, 'passes': 2, 'elastic': False, 'visibility': True, 'radius': 1250}
  237.58 s/源  {'pilot': 130, 'attempt': 50, 'passes': 3, 'elastic': True, 'visibility': False, 'radius': 1150}
  238.02 s/源  {'pilot': 130, 'attempt': 50, 'passes': 3, 'elastic': True, 'visibility': False, 'radius': 1200}
  237.53 s/源  {'pilot': 200, 'attempt': 100, 'passes': 3, 'elastic': True, 'visibility': True, 'radius': 1200}
  242.36 s/源  {'pilot': 70, 'attempt': 25, 'passes': 4, 'elastic': False, 'visibility': True, 'radius': 1150}
  239.05 s/源  {'pilot': 160, 'attempt': 70, 'passes': 3, 'elastic': True, 'visibility': False, 'radius': 1200}
  243.11 s/源  {'pilot': 100, 'attempt': 100, 'passes': 1, 'elastic': False, 'visibility': True, 'radius': 1200}
  237.82 s/源  {'pilot': 200, 'attempt': 100, 'passes': 4, 'elastic': True, 'visibility': False, 'radius': 1200}
  238.69 s/源  {'pilot': 250, 'attempt': 50, 'passes': 2, 'elastic': True, 'visibility': True, 'radius': 1200}
  242.48 s/源  {'pilot': 200, 'attempt': 70, 'passes': 4, 'elastic': False, 'visibility': False, 'radius': 1150}
  243.12 s/源  {'pilot': 130, 'attempt': 70, 'passes': 1, 'elastic': False, 'visibility': False, 'radius': 1150}
  237.89 s/源  {'pilot': 250, 'attempt': 35, 'passes': 2, 'elastic': True, 'visibility': True, 'radius': 1150}
  243.71 s/源  {'pilot': 200, 'attempt': 50, 'passes': 3, 'elastic': False, 'visibility': True, 'radius': 1250}
  248.56 s/源  {'pilot': 160, 'attempt': 25, 'passes': 4, 'elastic': False, 'visibility': False, 'radius': 1150}
